/* Copyright 2021 The TensorFlow Authors. All Rights Reserved.

Licensed under the Apache License, Version 2.0 (the "License");
you may not use this file except in compliance with the License.
You may obtain a copy of the License at

    http://www.apache.org/licenses/LICENSE-2.0

Unless required by applicable law or agreed to in writing, software
distributed under the License is distributed on an "AS IS" BASIS,
WITHOUT WARRANTIES OR CONDITIONS OF ANY KIND, either express or implied.
See the License for the specific language governing permissions and
limitations under the License.
==============================================================================*/

// This file is MACHINE GENERATED! Do not edit.

#ifndef TENSORFLOW_C_EXPERIMENTAL_OPS_GEN_CPP_GOLDEN_TESTING_OPS_H_
#define TENSORFLOW_C_EXPERIMENTAL_OPS_GEN_CPP_GOLDEN_TESTING_OPS_H_

#include "tensorflow/c/eager/abstract_context.h"
#include "tensorflow/c/eager/abstract_tensor_handle.h"

namespace tensorflow {
namespace ops {

//
Status Neg(AbstractContext* ctx, AbstractTensorHandle* const x, AbstractTensorHandle** y, const char* name = nullptr, const char* raw_device_name = nullptr);

//
Status MatMul(AbstractContext* ctx, AbstractTensorHandle* const a, AbstractTensorHandle* const b, AbstractTensorHandle** product, bool transpose_a = false, bool transpose_b = false, bool grad_a = false, bool grad_b = false, const char* name = nullptr, const char* raw_device_name = nullptr);

//
Status IdentityN(AbstractContext* ctx, absl::Span<AbstractTensorHandle* const> input, absl::Span<AbstractTensorHandle*> output, const char* name = nullptr, const char* raw_device_name = nullptr);

//
Status SparseSoftmaxCrossEntropyWithLogits(AbstractContext* ctx, AbstractTensorHandle* const features, AbstractTensorHandle* const labels, AbstractTensorHandle** loss, AbstractTensorHandle** backprop, const char* name = nullptr, const char* raw_device_name = nullptr);

//
Status AccumulatorApplyGradient(AbstractContext* ctx, AbstractTensorHandle** handle, AbstractTensorHandle* const local_step, AbstractTensorHandle* const gradient, const char* name = nullptr, const char* raw_device_name = nullptr);

//
Status VarHandleOp(AbstractContext* ctx, AbstractTensorHandle** resource, DataType dtype, const PartialTensorShape shape, const char* container = "", const char* shared_name = "", const char* debug_name = "", absl::Span<string const> allowed_devices = {}, const char* name = nullptr, const char* raw_device_name = nullptr);

//
Status RestoreV2(AbstractContext* ctx, AbstractTensorHandle* const prefix, AbstractTensorHandle* const tensor_names, AbstractTensorHandle* const shape_and_slices, absl::Span<AbstractTensorHandle*> tensors, absl::Span<DataType> dtypes, const char* name = nullptr, const char* raw_device_name = nullptr);

}  // namespace ops
}  // namespace tensorflow

#endif  // TENSORFLOW_C_EXPERIMENTAL_OPS_GEN_CPP_GOLDEN_TESTING_OPS_H_
